
Allocating common symbols
Common symbol       size              file

unitialized_variables
                    0x3               main.o

Memory Configuration

Name             Origin             Length             Attributes
flash            0x08000000         0x00020000         xr
sram             0x20000000         0x00005000         xrw
*default*        0x00000000         0xffffffff

Linker script and memory map


.text           0x08000000      0x1fc
 *(.vectors*)
 .vectors       0x08000000       0x1c startup.o
                0x08000000                vectors
 .vectors       0x0800001c       0x50 startupOrigin.o
 *(.text*)
 .text          0x0800006c       0xc8 main.o
                0x0800006c                NMI_Handler
                0x08000078                Bus_Fault
                0x08000084                main
 .text          0x08000134       0xbc startup.o
                0x08000134                MM_Fault_Handler
                0x08000134                Default_Handler
                0x08000134                Usage_Fault_Handler
                0x08000134                H_Fault_Handler
                0x08000140                Rest_Handler
 .text          0x080001f0        0x8 startupOrigin.o
 *(.rodata)
 .rodata        0x080001f8        0x4 main.o
                0x080001f8                const_variables
                0x080001fc                _E_text = .

.glue_7         0x080001fc        0x0
 .glue_7        0x00000000        0x0 linker stubs

.glue_7t        0x080001fc        0x0
 .glue_7t       0x00000000        0x0 linker stubs

.vfp11_veneer   0x080001fc        0x0
 .vfp11_veneer  0x00000000        0x0 linker stubs

.v4_bx          0x080001fc        0x0
 .v4_bx         0x00000000        0x0 linker stubs

.iplt           0x080001fc        0x0
 .iplt          0x00000000        0x0 main.o

.rel.dyn        0x080001fc        0x0
 .rel.iplt      0x00000000        0x0 main.o

.data           0x20000000        0x8 load address 0x080001fc
                0x20000000                _S_DATA = .
 *(.data)
 .data          0x20000000        0x8 main.o
                0x20000000                R_ODR
                0x20000004                g_variables
 .data          0x20000008        0x0 startup.o
 .data          0x20000008        0x0 startupOrigin.o
                0x20000008                _E_DATA = .

.igot.plt       0x20000008        0x0 load address 0x08000204
 .igot.plt      0x00000000        0x0 main.o

.bss            0x20000008     0x1003 load address 0x08000204
                0x20000008                _S_bss = .
 *(.bss*)
 .bss           0x20000008        0x0 main.o
 .bss           0x20000008        0x0 startup.o
 .bss           0x20000008        0x0 startupOrigin.o
                0x20000008                . = ALIGN (0x4)
                0x20000008                _E_bss = .
                0x20000008                . = ALIGN (0x4)
                0x20001008                . = (. + 0x1000)
 *fill*         0x20000008     0x1000 
                0x20001008                _stack_top = .
 COMMON         0x20001008        0x3 main.o
                0x20001008                unitialized_variables
LOAD main.o
LOAD startup.o
LOAD startupOrigin.o
OUTPUT(learn-in-depth-cortexM3.elf elf32-littlearm)

.debug_info     0x00000000      0x3c1
 .debug_info    0x00000000      0x1e4 main.o
 .debug_info    0x000001e4      0x18c startup.o
 .debug_info    0x00000370       0x51 startupOrigin.o

.debug_abbrev   0x00000000      0x1ee
 .debug_abbrev  0x00000000      0x104 main.o
 .debug_abbrev  0x00000104       0xd6 startup.o
 .debug_abbrev  0x000001da       0x14 startupOrigin.o

.debug_loc      0x00000000       0xf4
 .debug_loc     0x00000000       0x90 main.o
 .debug_loc     0x00000090       0x64 startup.o

.debug_aranges  0x00000000       0x60
 .debug_aranges
                0x00000000       0x20 main.o
 .debug_aranges
                0x00000020       0x20 startup.o
 .debug_aranges
                0x00000040       0x20 startupOrigin.o

.debug_line     0x00000000      0x160
 .debug_line    0x00000000       0x6e main.o
 .debug_line    0x0000006e       0xb1 startup.o
 .debug_line    0x0000011f       0x41 startupOrigin.o

.debug_str      0x00000000      0x1ae
 .debug_str     0x00000000      0x126 main.o
                                0x14d (size before relaxing)
 .debug_str     0x00000126       0x88 startup.o
                                0x13a (size before relaxing)

.comment        0x00000000       0x11
 .comment       0x00000000       0x11 main.o
                                 0x12 (size before relaxing)
 .comment       0x00000000       0x12 startup.o

.ARM.attributes
                0x00000000       0x31
 .ARM.attributes
                0x00000000       0x33 main.o
 .ARM.attributes
                0x00000033       0x33 startup.o
 .ARM.attributes
                0x00000066       0x21 startupOrigin.o

.debug_frame    0x00000000       0xa8
 .debug_frame   0x00000000       0x5c main.o
 .debug_frame   0x0000005c       0x4c startup.o
